******************************************************************************
                  TI ARM Linker PC v5.2.6                      
******************************************************************************
>> Linked Wed Feb 17 17:17:30 2016

OUTPUT FILE NAME:   <LAB04.out>
ENTRY POINT SYMBOL: "_c_int00"  address: 00000b9d


MEMORY CONFIGURATION

         name            origin    length      used     unused   attr    fill
----------------------  --------  ---------  --------  --------  ----  --------
  FLASH                 00000000   00040000  00001058  0003efa8  R  X
  SRAM                  20000000   00008000  00000230  00007dd0  RW X


SEGMENT ALLOCATION MAP

run origin  load origin   length   init length attrs members
----------  ----------- ---------- ----------- ----- -------
00000000    00000000    00001058   00001058    r-x
  00000000    00000000    0000026c   0000026c    r-- .intvecs
  0000026c    0000026c    00000cb8   00000cb8    r-x .text
  00000f24    00000f24    000000fc   000000fc    r-- .const
  00001020    00001020    00000038   00000038    r-- .cinit
20000000    20000000    00000232   00000000    rw-
  20000000    20000000    00000200   00000000    rw- .stack
  20000200    20000200    0000001a   00000000    rw- .bss
  2000021c    2000021c    00000016   00000000    rw- .data


SECTION ALLOCATION MAP

 output                                  attributes/
section   page    origin      length       input sections
--------  ----  ----------  ----------   ----------------
.intvecs   0    00000000    0000026c     
                  00000000    0000026c     tm4c123gh6pm_startup_ccs.obj (.intvecs)

.text      0    0000026c    00000cb8     
                  0000026c    00000390     main.obj (.text)
                  000005fc    00000132     driverlib.lib : gpio.obj (.text:GPIOPadConfigSet)
                  0000072e    00000002     --HOLE-- [fill = 0]
                  00000730    00000110                   : sysctl.obj (.text:SysCtlClockGet)
                  00000840    000000f4                   : sysctl.obj (.text:SysCtlClockSet)
                  00000934    0000009c     rtsv7M4_T_le_v4SPD16_eabi.lib : memcpy_t2.obj (.text)
                  000009d0    0000007a     driverlib.lib : adc.obj (.text:ADCSequenceStepConfigure)
                  00000a4a    0000007a     rtsv7M4_T_le_v4SPD16_eabi.lib : memset_t2.obj (.text)
                  00000ac4    0000006c                                   : autoinit.obj (.text)
                  00000b30    0000006a                                   : copy_decompress_rle.obj (.text)
                  00000b9a    00000002     --HOLE-- [fill = 0]
                  00000b9c    00000050                                   : boot.obj (.text)
                  00000bec    0000004c                                   : cpy_tbl.obj (.text)
                  00000c38    00000048     driverlib.lib : gpio.obj (.text:GPIOPinConfigure)
                  00000c80    00000046                   : uart.obj (.text:UARTConfigSetExpClk)
                  00000cc6    00000002     --HOLE-- [fill = 0]
                  00000cc8    00000044     rtsv7M4_T_le_v4SPD16_eabi.lib : exit.obj (.text)
                  00000d0c    0000003e     driverlib.lib : adc.obj (.text:ADCSequenceConfigure)
                  00000d4a    00000002     --HOLE-- [fill = 0]
                  00000d4c    00000034                   : sysctl.obj (.text:SysCtlPeripheralEnable)
                  00000d80    0000002e                   : adc.obj (.text:ADCIntStatus)
                  00000dae    0000002a                   : gpio.obj (.text:GPIODirModeSet)
                  00000dd8    00000020                   : uart.obj (.text:UARTDisable)
                  00000df8    0000001e                   : adc.obj (.text:ADCSequenceDataGet)
                  00000e16    00000018                   : adc.obj (.text:ADCProcessorTrigger)
                  00000e2e    00000018                   : gpio.obj (.text:GPIOPinTypeGPIOOutput)
                  00000e46    00000002     --HOLE-- [fill = 0]
                  00000e48    00000018     rtsv7M4_T_le_v4SPD16_eabi.lib : args_main.obj (.text)
                  00000e60    00000014     driverlib.lib : uart.obj (.text:UARTEnable)
                  00000e74    00000014     rtsv7M4_T_le_v4SPD16_eabi.lib : _lock.obj (.text)
                  00000e88    00000014                                   : strlen.obj (.text)
                  00000e9c    00000012     driverlib.lib : gpio.obj (.text:GPIOPinTypeUART)
                  00000eae    0000000e                   : adc.obj (.text:ADCSequenceEnable)
                  00000ebc    0000000e                   : uart.obj (.text:UARTCharsAvail)
                  00000eca    0000000e     rtsv7M4_T_le_v4SPD16_eabi.lib : copy_decompress_none.obj (.text:decompress:none)
                  00000ed8    0000000c                                   : copy_zero_init.obj (.text:decompress:ZI)
                  00000ee4    0000000c     tm4c123gh6pm_startup_ccs.obj (.text)
                  00000ef0    0000000a     driverlib.lib : adc.obj (.text:ADCIntClear)
                  00000efa    0000000a                   : uart.obj (.text:UARTCharGet)
                  00000f04    0000000a                   : uart.obj (.text:UARTCharPut)
                  00000f0e    00000006                   : gpio.obj (.text:GPIOPinWrite)
                  00000f14    00000006                   : sysctl.obj (.text:SysCtlDelay)
                  00000f1a    00000006     rtsv7M4_T_le_v4SPD16_eabi.lib : copy_decompress_rle.obj (.text:decompress:rle24)
                  00000f20    00000004                                   : pre_init.obj (.text)

.const     0    00000f24    000000fc     
                  00000f24    00000090     driverlib.lib : gpio.obj (.const:g_pui32GPIOBaseAddrs)
                  00000fb4    0000006c                   : sysctl.obj (.const:g_pui32Xtals)

.cinit     0    00001020    00000038     
                  00001020    00000011     (.cinit..data.load) [load image, compression = rle]
                  00001031    00000003     --HOLE-- [fill = 0]
                  00001034    0000000c     (__TI_handler_table)
                  00001040    00000008     (.cinit..bss.load) [load image, compression = zero_init]
                  00001048    00000010     (__TI_cinit_table)

.init_array 
*          0    00000000    00000000     UNINITIALIZED

.stack     0    20000000    00000200     UNINITIALIZED
                  20000000    00000200     --HOLE--

.bss       0    20000200    0000001a     UNINITIALIZED
                  20000200    00000010     (.common:ui32ADC0Value)
                  20000210    00000004     (.common:ui32TempAvg)
                  20000214    00000004     (.common:ui32TempValueC)
                  20000218    00000001     (.common:cd1)
                  20000219    00000001     (.common:cd2)

.TI.noinit 
*          0    20000200    00000000     UNINITIALIZED

.data      0    2000021c    00000016     UNINITIALIZED
                  2000021c    00000008     rtsv7M4_T_le_v4SPD16_eabi.lib : _lock.obj (.data)
                  20000224    00000008                                   : exit.obj (.data)
                  2000022c    00000004                                   : stkdepth_vars.obj (.data)
                  20000230    00000002     main.obj (.data)

.TI.persistent 
*          0    2000021c    00000000     UNINITIALIZED


LINKER GENERATED COPY TABLES

__TI_cinit_table @ 00001048 records: 2, size/record: 8, table size: 16
	.data: load addr=00001020, load size=00000011 bytes, run addr=2000021c, run size=00000016 bytes, compression=rle
	.bss: load addr=00001040, load size=00000008 bytes, run addr=20000200, run size=0000001a bytes, compression=zero_init


LINKER GENERATED HANDLER TABLE

__TI_handler_table @ 00001034 records: 3, size/record: 4, table size: 12
	index: 0, handler: __TI_decompress_rle24
	index: 1, handler: __TI_decompress_none
	index: 2, handler: __TI_zero_init


GLOBAL SYMBOLS: SORTED ALPHABETICALLY BY Name 

address   name                    
-------   ----                    
00000ef1  ADCIntClear             
00000d81  ADCIntStatus            
00000e17  ADCProcessorTrigger     
00000d0d  ADCSequenceConfigure    
00000df9  ADCSequenceDataGet      
00000eaf  ADCSequenceEnable       
000009d1  ADCSequenceStepConfigure
00000cc9  C$$EXIT                 
00000daf  GPIODirModeSet          
000005fd  GPIOPadConfigSet        
00000c39  GPIOPinConfigure        
00000e2f  GPIOPinTypeGPIOOutput   
00000e9d  GPIOPinTypeUART         
00000f0f  GPIOPinWrite            
00000ee5  ResetISR                
UNDEFED   SHT$$INIT_ARRAY$$Base   
UNDEFED   SHT$$INIT_ARRAY$$Limit  
00000731  SysCtlClockGet          
00000841  SysCtlClockSet          
00000f15  SysCtlDelay             
00000d4d  SysCtlPeripheralEnable  
00000443  Test2                   
00000efb  UARTCharGet             
00000f05  UARTCharPut             
00000ebd  UARTCharsAvail          
00000c81  UARTConfigSetExpClk     
00000dd9  UARTDisable             
00000e61  UARTEnable              
20000200  __STACK_END             
00000200  __STACK_SIZE            
20000200  __STACK_TOP             
00001048  __TI_CINIT_Base         
00001058  __TI_CINIT_Limit        
00001034  __TI_Handler_Table_Base 
00001040  __TI_Handler_Table_Limit
00000ac5  __TI_auto_init          
20000224  __TI_cleanup_ptr        
00000ecb  __TI_decompress_none    
00000f1b  __TI_decompress_rle24   
20000228  __TI_dtors_ptr          
00000000  __TI_static_base__      
00000ed9  __TI_zero_init          
00000a4b  __aeabi_memclr          
00000a4b  __aeabi_memclr4         
00000a4b  __aeabi_memclr8         
00000935  __aeabi_memcpy          
00000935  __aeabi_memcpy4         
00000935  __aeabi_memcpy8         
00000a4d  __aeabi_memset          
00000a4d  __aeabi_memset4         
00000a4d  __aeabi_memset8         
ffffffff  __binit__               
ffffffff  __c_args__              
20000000  __stack                 
00000e49  _args_main              
00000b9d  _c_int00                
2000021c  _lock                   
00000e83  _nop                    
00000e7b  _register_lock          
00000e75  _register_unlock        
00000f21  _system_pre_init        
20000220  _unlock                 
00000ccd  abort                   
ffffffff  binit                   
20000218  cd1                     
20000219  cd2                     
00000bed  copy_in                 
00000cd5  exit                    
00000000  g_pfnVectors            
00000371  get_temp                
0000026d  ledPinConfig            
00000279  main                    
2000022c  main_func_sp            
00000935  memcpy                  
00000a53  memset                  
000003d7  print                   
0000040b  print_tc                
0000031f  print_temc              
20000230  sd1                     
20000231  sd2                     
00000e89  strlen                  
20000200  ui32ADC0Value           
20000210  ui32TempAvg             
20000214  ui32TempValueC          


GLOBAL SYMBOLS: SORTED BY Symbol Address 

address   name                    
-------   ----                    
00000000  __TI_static_base__      
00000000  g_pfnVectors            
00000200  __STACK_SIZE            
0000026d  ledPinConfig            
00000279  main                    
0000031f  print_temc              
00000371  get_temp                
000003d7  print                   
0000040b  print_tc                
00000443  Test2                   
000005fd  GPIOPadConfigSet        
00000731  SysCtlClockGet          
00000841  SysCtlClockSet          
00000935  __aeabi_memcpy          
00000935  __aeabi_memcpy4         
00000935  __aeabi_memcpy8         
00000935  memcpy                  
000009d1  ADCSequenceStepConfigure
00000a4b  __aeabi_memclr          
00000a4b  __aeabi_memclr4         
00000a4b  __aeabi_memclr8         
00000a4d  __aeabi_memset          
00000a4d  __aeabi_memset4         
00000a4d  __aeabi_memset8         
00000a53  memset                  
00000ac5  __TI_auto_init          
00000b9d  _c_int00                
00000bed  copy_in                 
00000c39  GPIOPinConfigure        
00000c81  UARTConfigSetExpClk     
00000cc9  C$$EXIT                 
00000ccd  abort                   
00000cd5  exit                    
00000d0d  ADCSequenceConfigure    
00000d4d  SysCtlPeripheralEnable  
00000d81  ADCIntStatus            
00000daf  GPIODirModeSet          
00000dd9  UARTDisable             
00000df9  ADCSequenceDataGet      
00000e17  ADCProcessorTrigger     
00000e2f  GPIOPinTypeGPIOOutput   
00000e49  _args_main              
00000e61  UARTEnable              
00000e75  _register_unlock        
00000e7b  _register_lock          
00000e83  _nop                    
00000e89  strlen                  
00000e9d  GPIOPinTypeUART         
00000eaf  ADCSequenceEnable       
00000ebd  UARTCharsAvail          
00000ecb  __TI_decompress_none    
00000ed9  __TI_zero_init          
00000ee5  ResetISR                
00000ef1  ADCIntClear             
00000efb  UARTCharGet             
00000f05  UARTCharPut             
00000f0f  GPIOPinWrite            
00000f15  SysCtlDelay             
00000f1b  __TI_decompress_rle24   
00000f21  _system_pre_init        
00001034  __TI_Handler_Table_Base 
00001040  __TI_Handler_Table_Limit
00001048  __TI_CINIT_Base         
00001058  __TI_CINIT_Limit        
20000000  __stack                 
20000200  __STACK_END             
20000200  __STACK_TOP             
20000200  ui32ADC0Value           
20000210  ui32TempAvg             
20000214  ui32TempValueC          
20000218  cd1                     
20000219  cd2                     
2000021c  _lock                   
20000220  _unlock                 
20000224  __TI_cleanup_ptr        
20000228  __TI_dtors_ptr          
2000022c  main_func_sp            
20000230  sd1                     
20000231  sd2                     
ffffffff  __binit__               
ffffffff  __c_args__              
ffffffff  binit                   
UNDEFED   SHT$$INIT_ARRAY$$Base   
UNDEFED   SHT$$INIT_ARRAY$$Limit  

[84 symbols]
